{
  "first_simulations": 64,
  "second_simulations": 64,
  "pairs": 2,
  "games": 4,
  "completed": 2,
  "truncated": 2,
  "first_wins": 1,
  "second_wins": 1,
  "draws": 0,
  "first_score": 0.500000,
  "score_ci95": [0.094531, 0.905469],
  "average_plies": 44.000,
  "captures": 58,
  "self_captures": 18,
  "passes": 52,
  "search_simulations": 11264,
  "evaluations": 10916,
  "expanded_nodes": 11088,
  "generated_candidates": 16998,
  "terminal_leaves": 524,
  "depth_limited_leaves": 0,
  "maximum_search_depth": 5,
  "wall_seconds": 0.571229,
  "summed_game_seconds": 0.804283,
  "nodes_per_wall_second": 19410.776
}
{
  "first_simulations": 64,
  "second_simulations": 64,
  "pairs": 2,
  "games": 4,
  "completed": 0,
  "truncated": 4,
  "first_wins": 0,
  "second_wins": 0,
  "draws": 0,
  "first_score": 0.000000,
  "score_ci95": [0.000000, 1.000000],
  "average_plies": 64.000,
  "captures": 8,
  "self_captures": 0,
  "passes": 60,
  "search_simulations": 16384,
  "evaluations": 16242,
  "expanded_nodes": 16380,
  "generated_candidates": 23722,
  "terminal_leaves": 398,
  "depth_limited_leaves": 0,
  "maximum_search_depth": 6,
  "wall_seconds": 2.031191,
  "summed_game_seconds": 3.773333,
  "nodes_per_wall_second": 8064.235
}
{
  "first_simulations": 64,
  "second_simulations": 64,
  "pairs": 2,
  "games": 4,
  "completed": 0,
  "truncated": 4,
  "first_wins": 0,
  "second_wins": 0,
  "draws": 0,
  "first_score": 0.000000,
  "score_ci95": [0.000000, 1.000000],
  "average_plies": 64.000,
  "captures": 0,
  "self_captures": 0,
  "passes": 78,
  "search_simulations": 16384,
  "evaluations": 16418,
  "expanded_nodes": 16384,
  "generated_candidates": 23294,
  "terminal_leaves": 222,
  "depth_limited_leaves": 0,
  "maximum_search_depth": 6,
  "wall_seconds": 1.737249,
  "summed_game_seconds": 2.935252,
  "nodes_per_wall_second": 9431.001
}
